[36mvite v5.4.21 [32mbuilding for production...[36m[39m
transforming...
[32mΓ£ô[39m 4 modules transformed.
node.exe : [31mx[39m 
Build failed in 1.12s
At C:\Program Files\nod
ejs\npx.ps1:29 char:3
+   & $NODE_EXE 
$NPX_CLI_JS $args
+   ~~~~~~~~~~~~~~~~~~~
~~~~~~~~~~
    + CategoryInfo     
         : NotSpecifi  
  ed: ([31mx[39m B   
 uild failed in 1.1    
2s:String) [], Rem    
oteException
    + FullyQualifiedEr 
   rorId : NativeComm  
  andError
 
[31merror during 
build:
[31m[vite:css] 
[postcss] It looks 
like you're trying to 
use `tailwindcss` 
directly as a PostCSS 
plugin. The PostCSS 
plugin has moved to a 
separate package, so 
to continue using 
Tailwind CSS with 
PostCSS you'll need to 
install 
`@tailwindcss/postcss` 
and update your 
PostCSS 
configuration.[31m
file: [36mD:/TY 6th 
Sem/Threadline new/thre
adline-platform/client/
src/index.css:undefined
:NaN[31m
    at at (D:\TY 6th 
Sem\Threadline new\thre
adline-platform\client\
node_modules\tailwindcs
s\dist\lib.js:38:1643)
    at 
LazyResult.runOnRoot 
(D:\TY 6th 
Sem\Threadline new\thre
adline-platform\client\
node_modules\postcss\li
b\lazy-result.js:361:16
)
    at 
LazyResult.runAsync 
(D:\TY 6th 
Sem\Threadline new\thre
adline-platform\client\
node_modules\postcss\li
b\lazy-result.js:290:26
)
    at 
LazyResult.async 
(D:\TY 6th 
Sem\Threadline new\thre
adline-platform\client\
node_modules\postcss\li
b\lazy-result.js:192:30
)
    at LazyResult.then 
(D:\TY 6th 
Sem\Threadline new\thre
adline-platform\client\
node_modules\postcss\li
b\lazy-result.js:436:17
)[39m
